C51 COMPILER V9.60.0.0   READCHIPID                                                        12/16/2020 12:57:09 PAGE 1   


C51 COMPILER V9.60.0.0, COMPILATION OF MODULE READCHIPID
OBJECT MODULE PLACED IN ..\hex\readchipid.obj
COMPILER INVOKED BY: E:\Keil\Keil_v5\C51\BIN\C51.EXE ..\SCR\readchipid.c LARGE OPTIMIZE(8,SPEED) BROWSE INCDIR(..\SCR) D
                    -EBUG OBJECTEXTEND PRINT(.\readchipid.lst) TABS(2) OBJECT(..\hex\readchipid.obj)

line level    source

   1          #include "readchipid.h"
   2          
   3          
   4          
   5          #define     URMD    0           //0:使用定时器2作为波特率发生器
   6                                          //1:使用定时器1的模式0(16位自动重载模式)作为波特率发生器
   7                                          //2:使用定时器1的模式2(8位自动重载模式)作为波特率发生器
   8                                     
   9          
  10          #define ID_ADDR_RAM 0xf1        //ID号的存放在RAM区的地址为0F1H
  11          //#define ID_ADDR_RAM 0x71        //对于只有128字节RAM的ID号的存放在RAM区的地址为071H
  12          
  13                                          //ID号的存放在程序区的地址为程序空间的最后7字节
  14          //#define ID_ADDR_ROM 0x03f9      //1K程序空间的MCU(如                                             STC15F2
             -01EA, STC15F101EA)
  15          //#define ID_ADDR_ROM 0x07f9      //2K程序空间的MCU(如                              STC15F402EACS, STC15F2
             -02EA, STC15F102EA)
  16          //#define ID_ADDR_ROM 0x0bf9      //3K程序空间的MCU(如                                             STC15F2
             -03EA, STC15F103EA)
  17          //#define ID_ADDR_ROM 0x0ff9      //4K程序空间的MCU(如               STC15F804EACS, STC15F404EACS, STC15F2
             -04EA, STC15F104EA)
  18          //#define ID_ADDR_ROM 0x13f9      //5K程序空间的MCU(如                                             STC15F2
             -05EA, STC15F105EA)
  19          //#define ID_ADDR_ROM 0x1ff9      //8K程序空间的MCU(如STC15F2K08S2,  STC15F808EACS, STC15F408EACS)
  20          //#define ID_ADDR_ROM 0x27f9      //10K程序空间的MCU(如                             STC15F410EACS)
  21          //#define ID_ADDR_ROM 0x2ff9      //12K程序空间的MCU(如              STC15F812EACS, STC15F412EACS)
  22          //#define ID_ADDR_ROM 0x3ff9      //16K程序空间的MCU(如STC15F2K16S2, STC15F816EACS)
  23          //#define ID_ADDR_ROM 0x4ff9      //20K程序空间的MCU(如STC15F2K20S2, STC15F820EACS)
  24          //#define ID_ADDR_ROM 0x5ff9      //24K程序空间的MCU(如              STC15F824EACS)
  25          //#define ID_ADDR_ROM 0x6ff9      //28K程序空间的MCU(如              STC15F828EACS)
  26          //#define ID_ADDR_ROM 0x7ff9      //32K程序空间的MCU(如STC15F2K32S2)
  27          //#define ID_ADDR_ROM 0x9ff9      //40K程序空间的MCU(如STC15F2K40S2)
  28          //#define ID_ADDR_ROM 0xbff9      //48K程序空间的MCU(如STC15F2K48S2)
  29          //#define ID_ADDR_ROM 0xcff9      //52K程序空间的MCU(如STC15F2K52S2)
  30          //#define ID_ADDR_ROM 0xdff9      //56K程序空间的MCU(如STC15F2K56S2)
  31          #define ID_ADDR_ROM 0xeff9      //60K程序空间的MCU(如STC15F2K60S2)
  32          
  33          //-----------------------------------------
  34          
  35          //-----------------------------------------
  36          
  37          void ReadChipID(void)
  38          {
  39   1          BYTE idata *iptr;
  40   1          BYTE code *cptr;
  41   1          BYTE i;
  42   1          
  43   1          
  44   1          iptr = ID_ADDR_RAM;         //从RAM区读取ID号
  45   1          for (i=0; i<7; i++)         //读7个字节
  46   1          {
  47   2              Uart1_SendData(*iptr++);      //发送ID到串口
  48   2          }
  49   1          
C51 COMPILER V9.60.0.0   READCHIPID                                                        12/16/2020 12:57:09 PAGE 2   

  50   1          cptr = ID_ADDR_ROM;         //从程序区读取ID号
  51   1          for (i=0; i<7; i++)         //读7个字节
  52   1          {
  53   2              Uart1_SendData(*cptr++);      //发送ID到串口
  54   2          }
  55   1      }
  56          


MODULE INFORMATION:   STATIC OVERLAYABLE
   CODE SIZE        =    102    ----
   CONSTANT SIZE    =   ----    ----
   XDATA SIZE       =   ----       4
   PDATA SIZE       =   ----    ----
   DATA SIZE        =   ----    ----
   IDATA SIZE       =   ----    ----
   BIT SIZE         =   ----    ----
END OF MODULE INFORMATION.


C51 COMPILATION COMPLETE.  0 WARNING(S),  0 ERROR(S)
