BL51 BANKED LINKER/LOCATER V6.22.2.0                                                    12/16/2020  12:57:09  PAGE 1


BL51 BANKED LINKER/LOCATER V6.22.2.0, INVOKED BY:
E:\KEIL\KEIL_V5\C51\BIN\BL51.EXE ..\hex\IntProcess.obj, ..\hex\main.obj, ..\hex\timer.obj, ..\hex\UART.obj, ..\hex\delay
>> .obj, ..\hex\readchipid.obj, ..\hex\pwm.obj TO ..\hex\test PRINT (.\test.m51) RAMSIZE (256) DISABLEWARNING (16)


MEMORY MODEL: LARGE


INPUT MODULES INCLUDED:
  ..\hex\IntProcess.obj (INTPROCESS)
  ..\hex\main.obj (MAIN)
  ..\hex\timer.obj (TIMER)
  ..\hex\UART.obj (UART)
  ..\hex\delay.obj (DELAY)
  ..\hex\readchipid.obj (READCHIPID)
  ..\hex\pwm.obj (PWM)
  E:\KEIL\KEIL_V5\C51\LIB\C51L.LIB (?C_STARTUP)
  E:\KEIL\KEIL_V5\C51\LIB\C51L.LIB (?C?CLDPTR)
  E:\KEIL\KEIL_V5\C51\LIB\C51L.LIB (?C?ILDIX)
  E:\KEIL\KEIL_V5\C51\LIB\C51L.LIB (?C?SLCMP)
  E:\KEIL\KEIL_V5\C51\LIB\C51L.LIB (?C_INIT)


LINK MAP OF MODULE:  ..\hex\test (INTPROCESS)


            TYPE    BASE      LENGTH    RELOCATION   SEGMENT NAME
            -----------------------------------------------------

            * * * * * * *   D A T A   M E M O R Y   * * * * * * *
            REG     0000H     0008H     ABSOLUTE     "REG BANK 0"
            REG     0008H     0008H     ABSOLUTE     "REG BANK 1"
                    0010H     0010H                  *** GAP ***
            BIT     0020H.0   0000H.1   UNIT         ?BI?UART
                    0020H.1   0000H.7                *** GAP ***
            IDATA   0021H     0001H     UNIT         ?STACK

            * * * * * * *  X D A T A   M E M O R Y  * * * * * * *
            XDATA   0000H     0006H     UNIT         ?XD?MAIN
            XDATA   0006H     0005H     UNIT         ?XD?TIMER
            XDATA   000BH     0004H     UNIT         ?XD?INTPROCESS
            XDATA   000FH     0004H     UNIT         ?XD?READCHIPID?READCHIPID
            XDATA   0013H     0003H     UNIT         ?XD?_UART1_SENDSTRING?UART
            XDATA   0016H     0003H     UNIT         ?XD?_UART2_SENDSTRING?UART
            XDATA   0019H     0003H     UNIT         ?XD?_UART3_SENDSTRING?UART
            XDATA   001CH     0003H     UNIT         ?XD?_UART4_SENDSTRING?UART
            XDATA   001FH     0002H     UNIT         _XDATA_GROUP_

            * * * * * * *   C O D E   M E M O R Y   * * * * * * *
            CODE    0000H     0003H     ABSOLUTE     
            CODE    0003H     0003H     ABSOLUTE     
                    0006H     0005H                  *** GAP ***
            CODE    000BH     0003H     ABSOLUTE     
                    000EH     0005H                  *** GAP ***
            CODE    0013H     0003H     ABSOLUTE     
                    0016H     000DH                  *** GAP ***
            CODE    0023H     0003H     ABSOLUTE     
                    0026H     001DH                  *** GAP ***
BL51 BANKED LINKER/LOCATER V6.22.2.0                                                  12/16/2020  12:57:09  PAGE 2


            CODE    0043H     0003H     ABSOLUTE     
                    0046H     0045H                  *** GAP ***
            CODE    008BH     0003H     ABSOLUTE     
                    008EH     0005H                  *** GAP ***
            CODE    0093H     0003H     ABSOLUTE     
                    0096H     076AH                  *** GAP ***
            CODE    0800H     0124H     UNIT         ?PR?TM0_ISR?TIMER
            CODE    0924H     00F2H     UNIT         ?PR?MAIN?MAIN
            CODE    0A16H     008CH     UNIT         ?C_C51STARTUP
            CODE    0AA2H     0066H     UNIT         ?PR?READCHIPID?READCHIPID
            CODE    0B08H     0054H     UNIT         ?PR?CHECKVBAT?MAIN
            CODE    0B5CH     0045H     UNIT         ?C?LIB_CODE
            CODE    0BA1H     003BH     UNIT         ?PR?WORK?MAIN
            CODE    0BDCH     0036H     UNIT         ?PR?PWM_INIT?PWM
            CODE    0C12H     0033H     UNIT         ?PR?_UART1_SENDSTRING?UART
            CODE    0C45H     0033H     UNIT         ?PR?_UART2_SENDSTRING?UART
            CODE    0C78H     0033H     UNIT         ?PR?_UART3_SENDSTRING?UART
            CODE    0CABH     0033H     UNIT         ?PR?_UART4_SENDSTRING?UART
            CODE    0CDEH     0027H     UNIT         ?C_INITSEG
            CODE    0D05H     0022H     UNIT         ?PR?IO_INIT?MAIN
            CODE    0D27H     0020H     UNIT         ?PR?UART2?UART
            CODE    0D47H     0020H     UNIT         ?PR?UART3?UART
            CODE    0D67H     0020H     UNIT         ?PR?UART4?UART
            CODE    0D87H     001EH     UNIT         ?PR?CHECK_CHARGE?MAIN
            CODE    0DA5H     001CH     UNIT         ?PR?UART1_INIT?UART
            CODE    0DC1H     0018H     UNIT         ?PR?SYSINIT?MAIN
            CODE    0DD9H     0018H     UNIT         ?PR?UART?UART
            CODE    0DF1H     0015H     UNIT         ?PR?UART2_INIT?UART
            CODE    0E06H     0015H     UNIT         ?PR?UART3_INIT?UART
            CODE    0E1BH     0015H     UNIT         ?PR?UART4_INIT?UART
            CODE    0E30H     0014H     UNIT         ?PR?_UART2_SENDDATA?UART
            CODE    0E44H     0014H     UNIT         ?PR?_UART3_SENDDATA?UART
            CODE    0E58H     0014H     UNIT         ?PR?_UART4_SENDDATA?UART
            CODE    0E6CH     0013H     UNIT         ?PR?INT0PROCESS?INTPROCESS
            CODE    0E7FH     0013H     UNIT         ?PR?INT1PROCESS?INTPROCESS
            CODE    0E92H     0013H     UNIT         ?PR?TIMER0_INIT?TIMER
            CODE    0EA5H     0012H     UNIT         ?PR?_UART1_SENDDATA?UART
            CODE    0EB7H     000FH     UNIT         ?PR?DELAY100MS?DELAY
            CODE    0EC6H     000EH     UNIT         ?PR?_DELAY_N100MS?DELAY
            CODE    0ED4H     000BH     UNIT         ?PR?INTERRUPTINIT?INTPROCESS



OVERLAY MAP OF MODULE:   ..\hex\test (INTPROCESS)


SEGMENT                                XDATA_GROUP
  +--> CALLED SEGMENT                START    LENGTH
----------------------------------------------------
?PR?TM0_ISR?TIMER                    -----    -----
  +--> ?PR?CHECK_CHARGE?MAIN
  +--> ?PR?CHECKVBAT?MAIN

*** NEW ROOT ***************************************************

?C_C51STARTUP                        -----    -----
  +--> ?PR?MAIN?MAIN
BL51 BANKED LINKER/LOCATER V6.22.2.0                                                  12/16/2020  12:57:09  PAGE 3


  +--> ?C_INITSEG

?PR?MAIN?MAIN                        001FH    0002H
  +--> ?PR?SYSINIT?MAIN
  +--> ?PR?_DELAY_N100MS?DELAY
  +--> ?PR?WORK?MAIN

?PR?SYSINIT?MAIN                     -----    -----
  +--> ?PR?IO_INIT?MAIN
  +--> ?PR?CHECKVBAT?MAIN
  +--> ?PR?CHECK_CHARGE?MAIN
  +--> ?PR?TIMER0_INIT?TIMER

?PR?_DELAY_N100MS?DELAY              -----    -----
  +--> ?PR?DELAY100MS?DELAY



SYMBOL TABLE OF MODULE:  ..\hex\test (INTPROCESS)

  VALUE           TYPE          NAME
  ----------------------------------

  -------         MODULE        INTPROCESS
  C:0000H         SYMBOL        _ICE_DUMMY_
  D:0080H         PUBLIC        P0
  D:0090H         PUBLIC        P1
  D:00A0H         PUBLIC        P2
  D:00B0H         PUBLIC        P3
  X:000BH         PUBLIC        Int0Cnt
  D:00C0H         PUBLIC        P4
  X:000CH         PUBLIC        Int1Cnt
  D:00C8H         PUBLIC        P5
  X:000DH         PUBLIC        Int2Cnt
  B:00A8H.7       PUBLIC        EA
  D:00E8H         PUBLIC        P6
  X:000EH         PUBLIC        Int3Cnt
  D:00F8H         PUBLIC        P7
  D:00A8H         PUBLIC        IE
  D:00B8H         PUBLIC        IP
  D:00D8H         PUBLIC        CCON
  D:0098H         PUBLIC        SCON
  D:0088H         PUBLIC        TCON
  C:0E6CH         PUBLIC        Int0Process
  C:0E7FH         PUBLIC        Int1Process
  B:0088H.0       PUBLIC        IT0
  B:00A8H.0       PUBLIC        EX0
  B:0088H.2       PUBLIC        IT1
  B:00A8H.2       PUBLIC        EX1
  C:0ED4H         PUBLIC        InterruptInit
  D:00D0H         PUBLIC        PSW
  -------         PROC          INTERRUPTINIT
  C:0ED4H         LINE#         5
  C:0ED4H         LINE#         6
  C:0ED4H         LINE#         7
  C:0ED6H         LINE#         8
  C:0ED8H         LINE#         9
BL51 BANKED LINKER/LOCATER V6.22.2.0                                                  12/16/2020  12:57:09  PAGE 4


  C:0EDAH         LINE#         10
  C:0EDCH         LINE#         18
  C:0EDEH         LINE#         19
  -------         ENDPROC       INTERRUPTINIT
  -------         PROC          INT0PROCESS
  C:0E6CH         LINE#         21
  C:0E72H         LINE#         23
  C:0E78H         LINE#         24
  -------         ENDPROC       INT0PROCESS
  -------         PROC          INT1PROCESS
  C:0E7FH         LINE#         26
  C:0E85H         LINE#         28
  C:0E8BH         LINE#         29
  -------         ENDPROC       INT1PROCESS
  -------         ENDMOD        INTPROCESS

  -------         MODULE        MAIN
  C:0000H         SYMBOL        _ICE_DUMMY_
  D:0092H         PUBLIC        P1M0
  D:0093H         PUBLIC        P0M1
  D:0096H         PUBLIC        P2M0
  D:0091H         PUBLIC        P1M1
  D:0080H         PUBLIC        P0
  D:00B2H         PUBLIC        P3M0
  D:0095H         PUBLIC        P2M1
  D:0090H         PUBLIC        P1
  D:00B4H         PUBLIC        P4M0
  D:00B1H         PUBLIC        P3M1
  D:00A0H         PUBLIC        P2
  D:00CAH         PUBLIC        P5M0
  D:00B3H         PUBLIC        P4M1
  D:00B0H         PUBLIC        P3
  D:00CCH         PUBLIC        P6M0
  D:00C9H         PUBLIC        P5M1
  D:00C0H         PUBLIC        P4
  D:00E2H         PUBLIC        P7M0
  D:00CBH         PUBLIC        P6M1
  D:00C8H         PUBLIC        P5
  D:00E1H         PUBLIC        P7M1
  D:00E8H         PUBLIC        P6
  D:00F8H         PUBLIC        P7
  D:00A8H         PUBLIC        IE
  C:0D87H         PUBLIC        Check_Charge
  C:0B08H         PUBLIC        CheckVBAT
  D:00BDH         PUBLIC        ADC_RES
  D:00B8H         PUBLIC        IP
  D:00DEH         PUBLIC        ADCCFG
  D:00D8H         PUBLIC        CCON
  C:0BA1H         PUBLIC        Work
  C:0924H         PUBLIC        main
  C:0D05H         PUBLIC        IO_INIT
  D:00BCH         PUBLIC        ADC_CONTR
  B:00B0H.0       PUBLIC        P30
  D:0098H         PUBLIC        SCON
  B:00B0H.1       PUBLIC        P31
  D:0088H         PUBLIC        TCON
  B:00B0H.2       PUBLIC        P32
BL51 BANKED LINKER/LOCATER V6.22.2.0                                                  12/16/2020  12:57:09  PAGE 5


  X:0000H         PUBLIC        Fsnsflag
  B:00C8H.4       PUBLIC        P54
  B:00C8H.5       PUBLIC        P55
  X:0001H         PUBLIC        Workflag
  X:0002H         PUBLIC        H
  X:0003H         PUBLIC        ChargeFlag
  X:0004H         PUBLIC        Charge
  C:0DC1H         PUBLIC        SysInit
  X:0005H         PUBLIC        Vflag
  D:00D0H         PUBLIC        PSW
  D:0094H         PUBLIC        P0M0
  -------         PROC          IO_INIT
  C:0D05H         LINE#         13
  C:0D05H         LINE#         14
  C:0D05H         LINE#         15
  C:0D08H         LINE#         16
  C:0D0AH         LINE#         17
  C:0D0CH         LINE#         18
  C:0D0EH         LINE#         19
  C:0D10H         LINE#         20
  C:0D12H         LINE#         21
  C:0D14H         LINE#         22
  C:0D16H         LINE#         23
  C:0D18H         LINE#         24
  C:0D1AH         LINE#         25
  C:0D1CH         LINE#         26
  C:0D1EH         LINE#         27
  C:0D20H         LINE#         28
  C:0D22H         LINE#         29
  C:0D24H         LINE#         30
  C:0D26H         LINE#         31
  -------         ENDPROC       IO_INIT
  -------         PROC          SYSINIT
  C:0DC1H         LINE#         38
  C:0DC1H         LINE#         39
  C:0DC1H         LINE#         40
  C:0DC4H         LINE#         41
  C:0DC7H         LINE#         42
  C:0DCAH         LINE#         43
  C:0DCDH         LINE#         44
  C:0DD0H         LINE#         45
  C:0DD3H         LINE#         46
  C:0DD6H         LINE#         47
  -------         ENDPROC       SYSINIT
  -------         PROC          WORK
  C:0BA1H         LINE#         50
  C:0BA1H         LINE#         51
  C:0BA1H         LINE#         52
  C:0BACH         LINE#         53
  C:0BACH         LINE#         54
  C:0BAEH         LINE#         55
  C:0BB6H         LINE#         56
  C:0BBDH         LINE#         57
  C:0BBFH         LINE#         58
  C:0BBFH         LINE#         59
  C:0BCAH         LINE#         60
  C:0BCAH         LINE#         61
BL51 BANKED LINKER/LOCATER V6.22.2.0                                                  12/16/2020  12:57:09  PAGE 6


  C:0BCCH         LINE#         62
  C:0BCEH         LINE#         63
  C:0BCEH         LINE#         64
  C:0BD7H         LINE#         65
  C:0BD7H         LINE#         66
  C:0BD9H         LINE#         67
  C:0BDBH         LINE#         68
  C:0BDBH         LINE#         69
  -------         ENDPROC       WORK
  -------         PROC          CHECK_CHARGE
  C:0D87H         LINE#         74
  C:0D87H         LINE#         75
  C:0D87H         LINE#         76
  C:0D8AH         LINE#         77
  C:0D8AH         LINE#         78
  C:0D90H         LINE#         79
  C:0D90H         LINE#         80
  C:0D93H         LINE#         81
  C:0D93H         LINE#         82
  C:0D99H         LINE#         83
  C:0D99H         LINE#         84
  C:0D9FH         LINE#         85
  C:0DA4H         LINE#         86
  -------         ENDPROC       CHECK_CHARGE
  -------         PROC          CHECKVBAT
  C:0B08H         LINE#         88
  C:0B08H         LINE#         89
  C:0B08H         LINE#         90
  C:0B0BH         LINE#         91
  C:0B0DH         LINE#         92
  C:0B12H         LINE#         93
  C:0B15H         LINE#         94
  C:0B1BH         LINE#         95
  C:0B28H         LINE#         96
  C:0B2EH         LINE#         97
  C:0B44H         LINE#         98
  C:0B4AH         LINE#         99
  C:0B55H         LINE#         100
  C:0B5BH         LINE#         101
  -------         ENDPROC       CHECKVBAT
  -------         PROC          MAIN
  -------         DO            
  X:001FH         SYMBOL        i
  -------         ENDDO         
  C:0924H         LINE#         105
  C:0924H         LINE#         106
  C:092BH         LINE#         107
  C:092EH         LINE#         109
  C:092EH         LINE#         110
  C:092EH         LINE#         111
  C:0948H         LINE#         112
  C:0948H         LINE#         113
  C:094AH         LINE#         114
  C:0950H         LINE#         115
  C:0950H         LINE#         116
  C:0952H         LINE#         117
  C:0954H         LINE#         118
BL51 BANKED LINKER/LOCATER V6.22.2.0                                                  12/16/2020  12:57:09  PAGE 7


  C:0959H         LINE#         119
  C:0961H         LINE#         120
  C:0961H         LINE#         121
  C:0963H         LINE#         122
  C:0968H         LINE#         123
  C:096AH         LINE#         124
  C:0973H         LINE#         125
  C:0981H         LINE#         126
  C:0984H         LINE#         127
  C:098AH         LINE#         128
  C:098AH         LINE#         129
  C:098EH         LINE#         130
  C:098EH         LINE#         131
  C:0990H         LINE#         132
  C:0990H         LINE#         133
  C:099BH         LINE#         134
  C:099BH         LINE#         135
  C:099DH         LINE#         136
  C:099FH         LINE#         137
  C:099FH         LINE#         138
  C:09A5H         LINE#         139
  C:09A5H         LINE#         140
  C:09A7H         LINE#         141
  C:09A9H         LINE#         142
  C:09A9H         LINE#         143
  C:09AFH         LINE#         144
  C:09AFH         LINE#         145
  C:09B1H         LINE#         146
  C:09B3H         LINE#         147
  C:09B3H         LINE#         148
  C:09B5H         LINE#         150
  C:09B8H         LINE#         152
  C:09D0H         LINE#         153
  C:09D0H         LINE#         154
  C:09D6H         LINE#         155
  C:09D6H         LINE#         156
  C:09D9H         LINE#         157
  C:09D9H         LINE#         158
  C:09E7H         LINE#         159
  C:09E7H         LINE#         160
  C:09EAH         LINE#         161
  C:09EAH         LINE#         162
  C:09F2H         LINE#         163
  C:09F2H         LINE#         164
  C:09F4H         LINE#         165
  C:09F6H         LINE#         166
  C:09FBH         LINE#         167
  C:0A01H         LINE#         168
  C:0A01H         LINE#         169
  C:0A0FH         LINE#         170
  C:0A0FH         LINE#         171
  C:0A14H         LINE#         172
  C:0A14H         LINE#         173
  -------         ENDPROC       MAIN
  -------         ENDMOD        MAIN

  -------         MODULE        TIMER
BL51 BANKED LINKER/LOCATER V6.22.2.0                                                  12/16/2020  12:57:09  PAGE 8


  C:0000H         SYMBOL        _ICE_DUMMY_
  D:0080H         PUBLIC        P0
  D:0090H         PUBLIC        P1
  D:00A0H         PUBLIC        P2
  D:00B0H         PUBLIC        P3
  D:00C0H         PUBLIC        P4
  D:00C8H         PUBLIC        P5
  B:00A8H.7       PUBLIC        EA
  D:00E8H         PUBLIC        P6
  D:00F8H         PUBLIC        P7
  D:00A8H         PUBLIC        IE
  D:00B8H         PUBLIC        IP
  X:0006H         PUBLIC        flag
  D:00D8H         PUBLIC        CCON
  D:0098H         PUBLIC        SCON
  D:0089H         PUBLIC        TMOD
  D:0088H         PUBLIC        TCON
  D:008EH         PUBLIC        AUXR
  C:0800H         PUBLIC        tm0_isr
  X:0007H         PUBLIC        min
  X:0009H         PUBLIC        cnt
  B:00A8H.1       PUBLIC        ET0
  C:0E92H         PUBLIC        Timer0_INIT
  D:008CH         PUBLIC        TH0
  D:008AH         PUBLIC        TL0
  B:0088H.4       PUBLIC        TR0
  D:00D0H         PUBLIC        PSW
  -------         PROC          TIMER0_INIT
  C:0E92H         LINE#         11
  C:0E92H         LINE#         12
  C:0E92H         LINE#         13
  C:0E95H         LINE#         16
  C:0E98H         LINE#         17
  C:0E9BH         LINE#         18
  C:0E9EH         LINE#         19
  C:0EA0H         LINE#         20
  C:0EA2H         LINE#         21
  C:0EA4H         LINE#         22
  -------         ENDPROC       TIMER0_INIT
  -------         PROC          TM0_ISR
  C:0800H         LINE#         25
  C:080DH         LINE#         28
  C:0810H         LINE#         29
  C:081EH         LINE#         30
  C:0835H         LINE#         31
  C:0835H         LINE#         32
  C:083CH         LINE#         33
  C:084AH         LINE#         34
  C:084AH         LINE#         35
  C:0860H         LINE#         36
  C:0860H         LINE#         37
  C:0866H         LINE#         38
  C:0866H         LINE#         39
  C:0877H         LINE#         40
  C:0877H         LINE#         41
  C:087CH         LINE#         43
  C:087CH         LINE#         44
BL51 BANKED LINKER/LOCATER V6.22.2.0                                                  12/16/2020  12:57:09  PAGE 9


  C:0882H         LINE#         45
  C:0882H         LINE#         46
  C:0888H         LINE#         47
  C:088BH         LINE#         48
  C:088BH         LINE#         50
  C:089CH         LINE#         51
  C:08B3H         LINE#         52
  C:08C7H         LINE#         53
  C:08DDH         LINE#         54
  C:08F4H         LINE#         55
  C:0906H         LINE#         56
  C:0919H         LINE#         59
  -------         ENDPROC       TM0_ISR
  -------         ENDMOD        TIMER

  -------         MODULE        UART
  C:0000H         SYMBOL        _ICE_DUMMY_
  D:0080H         PUBLIC        P0
  D:0090H         PUBLIC        P1
  D:00A0H         PUBLIC        P2
  D:00B0H         PUBLIC        P3
  D:00C0H         PUBLIC        P4
  D:00C8H         PUBLIC        P5
  B:00A8H.7       PUBLIC        EA
  D:00E8H         PUBLIC        P6
  D:00F8H         PUBLIC        P7
  D:00A2H         PUBLIC        P_SW1
  D:00BAH         PUBLIC        P_SW2
  D:00A8H         PUBLIC        IE
  B:00A8H.4       PUBLIC        ES
  D:00B8H         PUBLIC        IP
  B:0098H.0       PUBLIC        RI
  B:0098H.1       PUBLIC        TI
  C:0DD9H         PUBLIC        Uart
  D:00D8H         PUBLIC        CCON
  D:0099H         PUBLIC        SBUF
  D:0098H         PUBLIC        SCON
  B:00A0H.2       PUBLIC        P22
  D:0089H         PUBLIC        TMOD
  D:0088H         PUBLIC        TCON
  C:0C12H         PUBLIC        _Uart1_SendString
  C:0C45H         PUBLIC        _Uart2_SendString
  C:0EA5H         PUBLIC        _Uart1_SendData
  C:0C78H         PUBLIC        _Uart3_SendString
  C:0E30H         PUBLIC        _Uart2_SendData
  C:0CABH         PUBLIC        _Uart4_SendString
  C:0E44H         PUBLIC        _Uart3_SendData
  C:0E58H         PUBLIC        _Uart4_SendData
  D:00AFH         PUBLIC        IE2
  D:008EH         PUBLIC        AUXR
  B:0020H.0       PUBLIC        busy
  D:00E0H         PUBLIC        ACC
  B:0098H.2       PUBLIC        RB8
  D:008DH         PUBLIC        TH1
  B:0098H.3       PUBLIC        TB8
  D:00D6H         PUBLIC        T2H
  B:00D0H.0       PUBLIC        P
BL51 BANKED LINKER/LOCATER V6.22.2.0                                                  12/16/2020  12:57:09  PAGE 10


  C:0D27H         PUBLIC        Uart2
  C:0D47H         PUBLIC        Uart3
  D:008BH         PUBLIC        TL1
  C:0D67H         PUBLIC        Uart4
  D:00D7H         PUBLIC        T2L
  B:0088H.6       PUBLIC        TR1
  D:009BH         PUBLIC        S2BUF
  D:00ADH         PUBLIC        S3BUF
  D:0085H         PUBLIC        S4BUF
  C:0DA5H         PUBLIC        Uart1_init
  D:009AH         PUBLIC        S2CON
  C:0DF1H         PUBLIC        Uart2_init
  D:00ACH         PUBLIC        S3CON
  C:0E06H         PUBLIC        Uart3_init
  D:0084H         PUBLIC        S4CON
  C:0E1BH         PUBLIC        Uart4_init
  D:00D0H         PUBLIC        PSW
  -------         PROC          UART1_INIT
  C:0DA5H         LINE#         34
  C:0DA5H         LINE#         35
  C:0DA5H         LINE#         36
  C:0DA7H         LINE#         37
  C:0DA9H         LINE#         38
  C:0DABH         LINE#         53
  C:0DAEH         LINE#         58
  C:0DB1H         LINE#         59
  C:0DB4H         LINE#         60
  C:0DB7H         LINE#         61
  C:0DBAH         LINE#         62
  C:0DBCH         LINE#         63
  C:0DBEH         LINE#         64
  C:0DC0H         LINE#         65
  -------         ENDPROC       UART1_INIT
  -------         PROC          UART
  C:0DD9H         LINE#         70
  C:0DDBH         LINE#         72
  C:0DDEH         LINE#         73
  C:0DDEH         LINE#         74
  C:0DE0H         LINE#         75
  C:0DE3H         LINE#         76
  C:0DE7H         LINE#         77
  C:0DE7H         LINE#         78
  C:0DEAH         LINE#         79
  C:0DEAH         LINE#         80
  C:0DECH         LINE#         81
  C:0DEEH         LINE#         82
  C:0DEEH         LINE#         83
  -------         ENDPROC       UART
  -------         PROC          _UART1_SENDDATA
  D:0007H         SYMBOL        dat
  C:0EA5H         LINE#         88
  C:0EA5H         LINE#         89
  C:0EA5H         LINE#         90
  C:0EA8H         LINE#         91
  C:0EA9H         LINE#         92
  C:0EACH         LINE#         93
  C:0EACH         LINE#         97
BL51 BANKED LINKER/LOCATER V6.22.2.0                                                  12/16/2020  12:57:09  PAGE 11


  C:0EAEH         LINE#         99
  C:0EB0H         LINE#         101
  C:0EB0H         LINE#         105
  C:0EB2H         LINE#         107
  C:0EB2H         LINE#         108
  C:0EB4H         LINE#         109
  C:0EB6H         LINE#         110
  -------         ENDPROC       _UART1_SENDDATA
  -------         PROC          _UART1_SENDSTRING
  X:0013H         SYMBOL        s
  C:0C12H         LINE#         115
  C:0C1DH         LINE#         116
  C:0C1DH         LINE#         117
  C:0C2DH         LINE#         118
  C:0C2DH         LINE#         119
  C:0C42H         LINE#         120
  C:0C44H         LINE#         121
  -------         ENDPROC       _UART1_SENDSTRING
  -------         PROC          UART2_INIT
  C:0DF1H         LINE#         124
  C:0DF1H         LINE#         125
  C:0DF1H         LINE#         126
  C:0DF4H         LINE#         132
  C:0DF7H         LINE#         137
  C:0DFAH         LINE#         138
  C:0DFDH         LINE#         139
  C:0E00H         LINE#         140
  C:0E03H         LINE#         141
  C:0E05H         LINE#         142
  -------         ENDPROC       UART2_INIT
  -------         PROC          UART2
  C:0D27H         LINE#         147
  C:0D29H         LINE#         149
  C:0D2EH         LINE#         150
  C:0D2EH         LINE#         151
  C:0D31H         LINE#         152
  C:0D34H         LINE#         153
  C:0D3AH         LINE#         154
  C:0D3AH         LINE#         155
  C:0D3FH         LINE#         156
  C:0D3FH         LINE#         157
  C:0D42H         LINE#         158
  C:0D44H         LINE#         159
  C:0D44H         LINE#         160
  -------         ENDPROC       UART2
  -------         PROC          _UART2_SENDDATA
  D:0007H         SYMBOL        dat
  C:0E30H         LINE#         165
  C:0E30H         LINE#         166
  C:0E30H         LINE#         167
  C:0E33H         LINE#         168
  C:0E34H         LINE#         169
  C:0E37H         LINE#         170
  C:0E37H         LINE#         174
  C:0E3AH         LINE#         176
  C:0E3CH         LINE#         178
  C:0E3CH         LINE#         182
BL51 BANKED LINKER/LOCATER V6.22.2.0                                                  12/16/2020  12:57:09  PAGE 12


  C:0E3FH         LINE#         184
  C:0E3FH         LINE#         185
  C:0E41H         LINE#         186
  C:0E43H         LINE#         187
  -------         ENDPROC       _UART2_SENDDATA
  -------         PROC          _UART2_SENDSTRING
  X:0016H         SYMBOL        s
  C:0C45H         LINE#         192
  C:0C50H         LINE#         193
  C:0C50H         LINE#         194
  C:0C60H         LINE#         195
  C:0C60H         LINE#         196
  C:0C75H         LINE#         197
  C:0C77H         LINE#         198
  -------         ENDPROC       _UART2_SENDSTRING
  -------         PROC          UART3_INIT
  C:0E06H         LINE#         202
  C:0E06H         LINE#         203
  C:0E06H         LINE#         204
  C:0E09H         LINE#         210
  C:0E0CH         LINE#         215
  C:0E0FH         LINE#         216
  C:0E12H         LINE#         217
  C:0E15H         LINE#         218
  C:0E18H         LINE#         219
  C:0E1AH         LINE#         220
  -------         ENDPROC       UART3_INIT
  -------         PROC          UART3
  C:0D47H         LINE#         225
  C:0D49H         LINE#         227
  C:0D4EH         LINE#         228
  C:0D4EH         LINE#         229
  C:0D51H         LINE#         230
  C:0D54H         LINE#         231
  C:0D5AH         LINE#         232
  C:0D5AH         LINE#         233
  C:0D5FH         LINE#         234
  C:0D5FH         LINE#         235
  C:0D62H         LINE#         236
  C:0D64H         LINE#         237
  C:0D64H         LINE#         238
  -------         ENDPROC       UART3
  -------         PROC          _UART3_SENDDATA
  D:0007H         SYMBOL        dat
  C:0E44H         LINE#         243
  C:0E44H         LINE#         244
  C:0E44H         LINE#         245
  C:0E47H         LINE#         246
  C:0E48H         LINE#         247
  C:0E4BH         LINE#         248
  C:0E4BH         LINE#         252
  C:0E4EH         LINE#         254
  C:0E50H         LINE#         256
  C:0E50H         LINE#         260
  C:0E53H         LINE#         262
  C:0E53H         LINE#         263
  C:0E55H         LINE#         264
BL51 BANKED LINKER/LOCATER V6.22.2.0                                                  12/16/2020  12:57:09  PAGE 13


  C:0E57H         LINE#         265
  -------         ENDPROC       _UART3_SENDDATA
  -------         PROC          _UART3_SENDSTRING
  X:0019H         SYMBOL        s
  C:0C78H         LINE#         270
  C:0C83H         LINE#         271
  C:0C83H         LINE#         272
  C:0C93H         LINE#         273
  C:0C93H         LINE#         274
  C:0CA8H         LINE#         275
  C:0CAAH         LINE#         276
  -------         ENDPROC       _UART3_SENDSTRING
  -------         PROC          UART4_INIT
  C:0E1BH         LINE#         279
  C:0E1BH         LINE#         280
  C:0E1BH         LINE#         281
  C:0E1EH         LINE#         287
  C:0E21H         LINE#         292
  C:0E24H         LINE#         293
  C:0E27H         LINE#         294
  C:0E2AH         LINE#         295
  C:0E2DH         LINE#         296
  C:0E2FH         LINE#         297
  -------         ENDPROC       UART4_INIT
  -------         PROC          UART4
  C:0D67H         LINE#         302
  C:0D69H         LINE#         304
  C:0D6EH         LINE#         305
  C:0D6EH         LINE#         306
  C:0D71H         LINE#         307
  C:0D74H         LINE#         308
  C:0D7AH         LINE#         309
  C:0D7AH         LINE#         310
  C:0D7FH         LINE#         311
  C:0D7FH         LINE#         312
  C:0D82H         LINE#         313
  C:0D84H         LINE#         314
  C:0D84H         LINE#         315
  -------         ENDPROC       UART4
  -------         PROC          _UART4_SENDDATA
  D:0007H         SYMBOL        dat
  C:0E58H         LINE#         320
  C:0E58H         LINE#         321
  C:0E58H         LINE#         322
  C:0E5BH         LINE#         323
  C:0E5CH         LINE#         324
  C:0E5FH         LINE#         325
  C:0E5FH         LINE#         329
  C:0E62H         LINE#         331
  C:0E64H         LINE#         333
  C:0E64H         LINE#         337
  C:0E67H         LINE#         339
  C:0E67H         LINE#         340
  C:0E69H         LINE#         341
  C:0E6BH         LINE#         342
  -------         ENDPROC       _UART4_SENDDATA
  -------         PROC          _UART4_SENDSTRING
BL51 BANKED LINKER/LOCATER V6.22.2.0                                                  12/16/2020  12:57:09  PAGE 14


  X:001CH         SYMBOL        s
  C:0CABH         LINE#         347
  C:0CB6H         LINE#         348
  C:0CB6H         LINE#         349
  C:0CC6H         LINE#         350
  C:0CC6H         LINE#         351
  C:0CDBH         LINE#         352
  C:0CDDH         LINE#         353
  -------         ENDPROC       _UART4_SENDSTRING
  -------         ENDMOD        UART

  -------         MODULE        DELAY
  C:0000H         SYMBOL        _ICE_DUMMY_
  D:0080H         PUBLIC        P0
  D:0090H         PUBLIC        P1
  D:00A0H         PUBLIC        P2
  D:00B0H         PUBLIC        P3
  D:00C0H         PUBLIC        P4
  D:00C8H         PUBLIC        P5
  D:00E8H         PUBLIC        P6
  D:00F8H         PUBLIC        P7
  D:00A8H         PUBLIC        IE
  C:0EC6H         PUBLIC        _Delay_N100ms
  D:00B8H         PUBLIC        IP
  D:00D8H         PUBLIC        CCON
  D:0098H         PUBLIC        SCON
  D:0088H         PUBLIC        TCON
  C:0EB7H         PUBLIC        Delay100ms
  D:00D0H         PUBLIC        PSW
  -------         PROC          DELAY100MS
  -------         DO            
  D:0007H         SYMBOL        i
  D:0006H         SYMBOL        j
  D:0005H         SYMBOL        k
  -------         ENDDO         
  C:0EB7H         LINE#         3
  C:0EB7H         LINE#         4
  C:0EB7H         LINE#         7
  C:0EB8H         LINE#         8
  C:0EB9H         LINE#         9
  C:0EBBH         LINE#         10
  C:0EBDH         LINE#         11
  C:0EBFH         LINE#         13
  C:0EBFH         LINE#         15
  C:0EBFH         LINE#         16
  C:0EC1H         LINE#         17
  C:0EC3H         LINE#         18
  C:0EC5H         LINE#         19
  -------         ENDPROC       DELAY100MS
  -------         PROC          _DELAY_N100MS
  D:0004H         SYMBOL        n
  C:0EC6H         LINE#         21
  C:0EC8H         LINE#         22
  C:0EC8H         LINE#         23
  C:0ECEH         LINE#         24
  C:0ECEH         LINE#         25
  C:0ED1H         LINE#         26
BL51 BANKED LINKER/LOCATER V6.22.2.0                                                  12/16/2020  12:57:09  PAGE 15


  C:0ED3H         LINE#         27
  -------         ENDPROC       _DELAY_N100MS
  -------         ENDMOD        DELAY

  -------         MODULE        READCHIPID
  C:0000H         SYMBOL        _ICE_DUMMY_
  D:0080H         PUBLIC        P0
  D:0090H         PUBLIC        P1
  D:00A0H         PUBLIC        P2
  D:00B0H         PUBLIC        P3
  D:00C0H         PUBLIC        P4
  D:00C8H         PUBLIC        P5
  D:00E8H         PUBLIC        P6
  D:00F8H         PUBLIC        P7
  D:00A8H         PUBLIC        IE
  C:0AA2H         PUBLIC        ReadChipID
  D:00B8H         PUBLIC        IP
  D:00D8H         PUBLIC        CCON
  D:0098H         PUBLIC        SCON
  D:0088H         PUBLIC        TCON
  D:00D0H         PUBLIC        PSW
  -------         PROC          READCHIPID
  -------         DO            
  X:000FH         SYMBOL        iptr
  X:0010H         SYMBOL        cptr
  X:0012H         SYMBOL        i
  -------         ENDDO         
  C:0AA2H         LINE#         37
  C:0AA2H         LINE#         38
  C:0AA2H         LINE#         44
  C:0AA8H         LINE#         45
  C:0ABAH         LINE#         46
  C:0ABAH         LINE#         47
  C:0AC8H         LINE#         48
  C:0AD0H         LINE#         50
  C:0ADAH         LINE#         51
  C:0AEAH         LINE#         52
  C:0AEAH         LINE#         53
  C:0AFFH         LINE#         54
  C:0B07H         LINE#         55
  -------         ENDPROC       READCHIPID
  -------         ENDMOD        READCHIPID

  -------         MODULE        PWM
  C:0000H         SYMBOL        _ICE_DUMMY_
  D:0080H         PUBLIC        P0
  D:0090H         PUBLIC        P1
  D:00A0H         PUBLIC        P2
  D:00B0H         PUBLIC        P3
  D:00C0H         PUBLIC        P4
  D:00C8H         PUBLIC        P5
  D:00E8H         PUBLIC        P6
  D:00F8H         PUBLIC        P7
  D:00F9H         PUBLIC        CH
  C:0BDCH         PUBLIC        PWM_init
  D:00A2H         PUBLIC        P_SW1
  D:00A8H         PUBLIC        IE
BL51 BANKED LINKER/LOCATER V6.22.2.0                                                  12/16/2020  12:57:09  PAGE 16


  D:00E9H         PUBLIC        CL
  D:00FAH         PUBLIC        CCAP0H
  D:00FBH         PUBLIC        CCAP1H
  D:00FCH         PUBLIC        CCAP2H
  D:00EAH         PUBLIC        CCAP0L
  B:00D8H.6       PUBLIC        CR
  D:00EBH         PUBLIC        CCAP1L
  D:00DAH         PUBLIC        CCAPM0
  D:00ECH         PUBLIC        CCAP2L
  D:00DBH         PUBLIC        CCAPM1
  D:00DCH         PUBLIC        CCAPM2
  D:00B8H         PUBLIC        IP
  D:00D9H         PUBLIC        CMOD
  D:00D8H         PUBLIC        CCON
  D:0098H         PUBLIC        SCON
  D:0088H         PUBLIC        TCON
  D:00E0H         PUBLIC        ACC
  D:00F2H         PUBLIC        PCA_PWM0
  D:00F3H         PUBLIC        PCA_PWM1
  D:00F4H         PUBLIC        PCA_PWM2
  D:00D0H         PUBLIC        PSW
  -------         PROC          PWM_INIT
  C:0BDCH         LINE#         6
  C:0BDCH         LINE#         7
  C:0BDCH         LINE#         8
  C:0BDEH         LINE#         9
  C:0BE0H         LINE#         10
  C:0BE2H         LINE#         22
  C:0BE5H         LINE#         26
  C:0BE7H         LINE#         27
  C:0BE9H         LINE#         28
  C:0BECH         LINE#         30
  C:0BEEH         LINE#         31
  C:0BF4H         LINE#         32
  C:0BF7H         LINE#         34
  C:0BFAH         LINE#         35
  C:0C00H         LINE#         36
  C:0C03H         LINE#         38
  C:0C06H         LINE#         39
  C:0C0CH         LINE#         40
  C:0C0FH         LINE#         42
  C:0C11H         LINE#         43
  -------         ENDPROC       PWM_INIT
  -------         ENDMOD        PWM

  -------         MODULE        ?C?CLDPTR
  C:0B5CH         PUBLIC        ?C?CLDPTR
  -------         ENDMOD        ?C?CLDPTR

  -------         MODULE        ?C?ILDIX
  C:0B75H         PUBLIC        ?C?ILDIX
  -------         ENDMOD        ?C?ILDIX

  -------         MODULE        ?C?SLCMP
  C:0B8BH         PUBLIC        ?C?SLCMP
  -------         ENDMOD        ?C?SLCMP

BL51 BANKED LINKER/LOCATER V6.22.2.0                                                  12/16/2020  12:57:09  PAGE 17


******************************************************************************
* RESTRICTED VERSION WITH 0800H BYTE CODE SIZE LIMIT; USED: 0622H BYTE (76%) *
******************************************************************************

Program Size: data=17.1 xdata=33 code=1783
LINK/LOCATE RUN COMPLETE.  0 WARNING(S),  0 ERROR(S)
